--2026-10-08 06:43:33--  https://go.dev/dl/go1.25.4.linux-amd64.tar.gz
Resolving go.dev (go.dev)... 216.239.34.21, 216.239.36.21, 216.239.38.21, ...
Connecting to go.dev (go.dev)|216.239.34.21|:443... connected.
HTTP request sent, awaiting response... 302 Found
Location: https://dl.google.com/go/go1.25.4.linux-amd64.tar.gz [following]
--2026-10-08 06:43:34--  https://dl.google.com/go/go1.25.4.linux-amd64.tar.gz
Resolving dl.google.com (dl.google.com)... 142.251.47.14, 2c0f:fb50:4002:800::200e
Connecting to dl.google.com (dl.google.com)|142.251.47.14|:443... connected.
HTTP request sent, awaiting response... 200 OK
Length: 59766394 (57M) [application/x-gzip]
Saving to: ‘/tmp/go1.25.4.linux-amd64.tar.gz’

     0K .......... .......... .......... .......... ..........  0%  121K 8m4s
    50K .......... .......... .......... .......... ..........  0%  706K 4m43s
   100K .......... .......... .......... .......... ..........  0%  547K 3m44s
   150K .......... .......... .......... .......... ..........  0%  707K 3m8s
   200K .......... .......... .......... .......... ..........  0% 1.09M 2m41s
   250K .......... .......... .......... .......... ..........  0% 1.12M 2m22s
   300K .......... .......... .......... .......... ..........  0% 1.28M 2m8s
   350K .......... .......... .......... .......... ..........  0% 1.43M 1m57s
   400K .......... .......... .......... .......... ..........  0% 1.36M 1m49s
   450K .......... .......... .......... .......... ..........  0% 2.02M 1m41s
   500K .......... .......... .......... .......... ..........  0% 2.33M 93s
   550K .......... .......... .......... .......... ..........  1% 2.49M 88s
   600K .......... .......... .......... .......... ..........  1% 2.65M 82s
   650K .......... .......... .......... .......... ..........  1% 3.15M 78s
   700K .......... .......... .......... .......... ..........  1% 2.65M 74s
   750K .......... .......... .......... .......... ..........  1% 2.64M 71s
   800K .......... .......... .......... .......... ..........  1% 3.03M 67s
   850K .......... .......... .......... .......... ..........  1% 3.48M 64s
   900K .......... .......... .......... .......... ..........  1% 3.51M 62s
   950K .......... .......... .......... .......... ..........  1% 4.47M 59s
  1000K .......... .......... .......... .......... ..........  1% 3.99M 57s
  1050K .......... .......... .......... .......... ..........  1% 4.54M 55s
  1100K .......... .......... .......... .......... ..........  1% 4.65M 53s
  1150K .......... .......... .......... .......... ..........  2% 5.24M 51s
  1200K .......... .......... .......... .......... ..........  2% 3.96M 50s
  1250K .......... .......... .......... .......... ..........  2% 5.83M 48s
  1300K .......... .......... .......... .......... ..........  2% 5.55M 47s
  1350K .......... .......... .......... .......... ..........  2% 6.51M 45s
  1400K .......... .......... .......... .......... ..........  2% 4.82M 44s
  1450K .......... .......... .......... .......... ..........  2% 7.79M 43s
  1500K .......... .......... .......... .......... ..........  2% 7.60M 42s
  1550K .......... .......... .......... .......... ..........  2% 6.59M 41s
  1600K .......... .......... .......... .......... ..........  2% 4.56M 40s
  1650K .......... .......... .......... .......... ..........  2% 8.06M 39s
  1700K .......... .......... .......... .......... ..........  2% 8.39M 38s
  1750K .......... .......... .......... .......... ..........  3% 7.49M 37s
  1800K .......... .......... .......... .......... ..........  3% 7.66M 36s
  1850K .......... .......... .......... .......... ..........  3% 7.48M 35s
  1900K .......... .......... .......... .......... ..........  3% 6.72M 35s
  1950K .......... .......... .......... .......... ..........  3% 11.7M 34s
  2000K .......... .......... .......... .......... ..........  3% 7.29M 33s
  2050K .......... .......... .......... .......... ..........  3% 16.4M 32s
  2100K .......... .......... .......... .......... ..........  3% 16.5M 32s
  2150K .......... .......... .......... .......... ..........  3% 12.4M 31s
  2200K .......... .......... .......... .......... ..........  3% 8.71M 30s
  2250K .......... .......... .......... .......... ..........  3%  369K 33s
  2300K .......... .......... .......... .......... ..........  4% 15.3M 32s
  2350K .......... .......... .......... .......... ..........  4% 9.28M 32s
  2400K .......... .......... .......... .......... ..........  4% 16.5M 31s
  2450K .......... .......... .......... .......... ..........  4% 48.2M 31s
  2500K .......... .......... .......... .......... ..........  4% 13.7M 30s
  2550K .......... .......... .......... .......... ..........  4% 16.9M 29s
  2600K .......... .......... .......... .......... ..........  4% 8.79M 29s
  2650K .......... .......... .......... .......... ..........  4% 8.67M 29s
  2700K .......... .......... .......... .......... ..........  4% 21.5M 28s
  2750K .......... .......... .......... .......... ..........  4% 65.8M 28s
  2800K .......... .......... .......... .......... ..........  4% 19.2M 27s
  2850K .......... .......... .......... .......... ..........  4%  107M 27s
  2900K .......... .......... .......... .......... ..........  5%  101M 26s
  2950K .......... .......... .......... .......... ..........  5% 4.08M 26s
  3000K .......... .......... .......... .......... ..........  5% 26.8M 26s
  3050K .......... .......... .......... .......... ..........  5% 36.7M 25s
  3100K .......... .......... .......... .......... ..........  5% 33.2M 25s
  3150K .......... .......... .......... .......... ..........  5% 17.1M 24s
  3200K .......... .......... .......... .......... ..........  5% 17.9M 24s
  3250K .......... .......... .......... .......... ..........  5% 9.97M 24s
  3300K .......... .......... .......... .......... ..........  5% 17.4M 23s
  3350K .......... .......... .......... .......... ..........  5% 30.8M 23s
  3400K .......... .......... .......... .......... ..........  5%  113M 23s
  3450K .......... .......... .......... .......... ..........  5% 46.4M 22s
  3500K .......... .......... .......... .......... ..........  6% 18.9M 22s
  3550K .......... .......... .......... .......... ..........  6% 13.5M 22s
  3600K .......... .......... .......... .......... ..........  6% 35.6M 21s
  3650K .......... .......... .......... .......... ..........  6% 26.7M 21s
  3700K .......... .......... .......... .......... ..........  6% 21.4M 21s
  3750K .......... .......... .......... .......... ..........  6% 10.1M 21s
  3800K .......... .......... .......... .......... ..........  6% 7.88M 21s
  3850K .......... .......... .......... .......... ..........  6% 6.15M 20s
  3900K .......... .......... .......... .......... ..........  6% 8.68M 20s
  3950K .......... .......... .......... .......... ..........  6% 6.03M 20s
  4000K .......... .......... .......... .......... ..........  6% 6.01M 20s
  4050K .......... .......... .......... .......... ..........  7% 8.76M 20s
  4100K .......... .......... .......... .......... ..........  7% 5.94M 19s
  4150K .......... .......... .......... .......... ..........  7% 9.06M 19s
  4200K .......... .......... .......... .......... ..........  7% 5.91M 19s
  4250K .......... .......... .......... .......... ..........  7% 8.86M 19s
  4300K .......... .......... .......... .......... ..........  7% 6.15M 19s
  4350K .......... .......... .......... .......... ..........  7% 6.04M 19s
  4400K .......... .......... .......... .......... ..........  7% 6.03M 19s
  4450K .......... .......... .......... .......... ..........  7% 9.08M 18s
  4500K .......... .......... .......... .......... ..........  7% 5.78M 18s
  4550K .......... .......... .......... .......... ..........  7% 9.13M 18s
  4600K .......... .......... .......... .......... ..........  7% 6.32M 18s
  4650K .......... .......... .......... .......... ..........  8% 8.14M 18s
  4700K .......... .......... .......... .......... ..........  8% 6.23M 18s
  4750K .......... .......... .......... .......... ..........  8% 5.92M 18s
  4800K .......... .......... .......... .......... ..........  8% 6.19M 18s
  4850K .......... .......... .......... .......... ..........  8% 8.50M 17s
  4900K .......... .......... .......... .......... ..........  8% 8.21M 17s
  4950K .......... .......... .......... .......... ..........  8% 7.18M 17s
  5000K .......... .......... .......... .......... ..........  8% 6.91M 17s
  5050K .......... .......... .......... .......... ..........  8% 6.96M 17s
  5100K .......... .......... .......... .......... ..........  8% 7.67M 17s
  5150K .......... .......... .......... .......... ..........  8% 5.13M 17s
  5200K .......... .......... .......... .......... ..........  8% 6.94M 17s
  5250K .......... .......... .......... .......... ..........  9% 6.75M 17s
  5300K .......... .......... .......... .......... ..........  9% 7.97M 16s
  5350K .......... .......... .......... .......... ..........  9% 7.15M 16s
  5400K .......... .......... .......... .......... ..........  9% 6.64M 16s
  5450K .......... .......... .......... .......... ..........  9% 7.00M 16s
  5500K .......... .......... .......... .......... ..........  9% 7.04M 16s
  5550K .......... .......... .......... .......... ..........  9% 5.65M 16s
  5600K .......... .......... .......... .......... ..........  9% 7.03M 16s
  5650K .......... .......... .......... .......... ..........  9% 6.98M 16s
  5700K .......... .......... .......... .......... ..........  9% 7.15M 16s
  5750K .......... .......... .......... .......... ..........  9% 7.56M 16s
  5800K .......... .......... .......... .......... .......... 10% 6.30M 16s
  5850K .......... .......... .......... .......... .......... 10% 7.45M 15s
  5900K .......... .......... .......... .......... .......... 10% 7.10M 15s
  5950K .......... .......... .......... .......... .......... 10% 5.27M 15s
  6000K .......... .......... .......... .......... .......... 10% 7.63M 15s
  6050K .......... .......... .......... .......... .......... 10% 6.94M 15s
  6100K .......... .......... .......... .......... .......... 10% 85.2K 20s
  6150K .......... .......... .......... .......... .......... 10%  122K 23s
  6200K .......... .......... .......... .......... .......... 10% 43.8M 23s
  6250K .......... .......... .......... .......... .......... 10%  530K 24s
  6300K .......... .......... .......... .......... .......... 10%  718K 24s
  6350K .......... .......... .......... .......... .......... 10% 1.06M 24s
  6400K .......... .......... .......... .......... .......... 11%  911K 24s
  6450K .......... .......... .......... .......... .......... 11% 1.22M 25s
  6500K .......... .......... .......... .......... .......... 11% 1.38M 25s
  6550K .......... .......... .......... .......... .......... 11% 1.89M 25s
  6600K .......... .......... .......... .......... .......... 11% 2.01M 25s
  6650K .......... .......... .......... .......... .......... 11% 2.16M 25s
  6700K .......... .......... .......... .......... .......... 11% 2.75M 24s
  6750K .......... .......... .......... .......... .......... 11% 2.73M 24s
  6800K .......... .......... .......... .......... .......... 11% 2.23M 24s
  6850K .......... .......... .......... .......... .......... 11% 2.91M 24s
  6900K .......... .......... .......... .......... .......... 11% 2.67M 24s
  6950K .......... .......... .......... .......... .......... 11% 3.58M 24s
  7000K .......... .......... .......... .......... .......... 12% 3.43M 24s
  7050K .......... .......... .......... .......... .......... 12% 3.91M 24s
  7100K .......... .......... .......... .......... .......... 12% 4.11M 24s
  7150K .......... .......... .......... .......... .......... 12% 3.84M 24s
  7200K .......... .......... .......... .......... .......... 12% 3.69M 24s
  7250K .......... .......... .......... .......... .......... 12% 4.61M 24s
  7300K .......... .......... .......... .......... .......... 12% 4.89M 23s
  7350K .......... .......... .......... .......... .......... 12% 5.67M 23s
  7400K .......... .......... .......... .......... .......... 12% 5.20M 23s
  7450K .......... .......... .......... .......... .......... 12% 5.41M 23s
  7500K .......... .......... .......... .......... .......... 12% 6.19M 23s
  7550K .......... .......... .......... .......... .......... 13% 6.62M 23s
  7600K .......... .......... .......... .......... .......... 13% 4.79M 23s
  7650K .......... .......... .......... .......... .......... 13% 5.91M 23s
  7700K .......... .......... .......... .......... .......... 13% 7.16M 22s
  7750K .......... .......... .......... .......... .......... 13% 6.50M 22s
  7800K .......... .......... .......... .......... .......... 13% 6.62M 22s
  7850K .......... .......... .......... .......... .......... 13% 7.55M 22s
  7900K .......... .......... .......... .......... .......... 13% 7.11M 22s
  7950K .......... .......... .......... .......... .......... 13% 6.96M 22s
  8000K .......... .......... .......... .......... .......... 13% 5.22M 22s
  8050K .......... .......... .......... .......... .......... 13% 6.80M 22s
  8100K .......... .......... .......... .......... .......... 13% 7.22M 22s
  8150K .......... .......... .......... .......... .......... 14% 6.85M 21s
  8200K .......... .......... .......... .......... .......... 14% 7.50M 21s
  8250K .......... .......... .......... .......... .......... 14% 7.15M 21s
  8300K .......... .......... .......... .......... .......... 14% 6.88M 21s
  8350K .......... .......... .......... .......... .......... 14% 3.49M 21s
  8400K .......... .......... .......... .......... .......... 14% 22.5M 21s
  8450K .......... .......... .......... .......... .......... 14% 7.56M 21s
  8500K .......... .......... .......... .......... .......... 14% 6.95M 21s
  8550K .......... .......... .......... .......... .......... 14% 6.97M 21s
  8600K .......... .......... .......... .......... .......... 14% 4.84M 21s
  8650K .......... .......... .......... .......... .......... 14% 15.6M 20s
  8700K .......... .......... .......... .......... .......... 14% 6.64M 20s
  8750K .......... .......... .......... .......... .......... 15% 6.75M 20s
  8800K .......... .......... .......... .......... .......... 15% 7.79M 20s
  8850K .......... .......... .......... .......... .......... 15% 9.84M 20s
  8900K .......... .......... .......... .......... .......... 15% 10.2M 20s
  8950K .......... .......... .......... .......... .......... 15% 9.12M 20s
  9000K .......... .......... .......... .......... .......... 15% 9.75M 20s
  9050K .......... .......... .......... .......... .......... 15% 9.08M 20s
  9100K .......... .......... .......... .......... .......... 15% 11.8M 19s
  9150K .......... .......... .......... .......... .......... 15% 6.91M 19s
  9200K .......... .......... .......... .......... .......... 15% 9.48M 19s
  9250K .......... .......... .......... .......... .......... 15% 8.96M 19s
  9300K .......... .......... .......... .......... .......... 16% 8.02M 19s
  9350K .......... .......... .......... .......... .......... 16% 8.48M 19s
  9400K .......... .......... .......... .......... .......... 16% 6.27M 19s
  9450K .......... .......... .......... .......... .......... 16%  734K 19s
  9500K .......... .......... .......... .......... .......... 16%  711K 19s
  9550K .......... .......... .......... .......... .......... 16% 14.2M 19s
  9600K .......... .......... .......... .......... .......... 16% 4.87M 19s
  9650K .......... .......... .......... .......... .......... 16% 17.1M 19s
  9700K .......... .......... .......... .......... .......... 16% 17.0M 19s
  9750K .......... .......... .......... .......... .......... 16%  129M 19s
  9800K .......... .......... .......... .......... .......... 16% 6.16M 19s
  9850K .......... .......... .......... .......... .......... 16% 6.37M 19s
  9900K .......... .......... .......... .......... .......... 17% 18.6M 19s
  9950K .......... .......... .......... .......... .......... 17% 87.3M 19s
 10000K .......... .......... .......... .......... .......... 17% 74.5M 18s
 10050K .......... .......... .......... .......... .......... 17%  118M 18s
 10100K .......... .......... .......... .......... .......... 17%  122M 18s
 10150K .......... .......... .......... .......... .......... 17%  125M 18s
 10200K .......... .......... .......... .......... .......... 17%  120M 18s
 10250K .......... .......... .......... .......... .......... 17%  106M 18s
 10300K .......... .......... .......... .......... .......... 17%  137M 18s
 10350K .......... .......... .......... .......... .......... 17%  691K 18s
 10400K .......... .......... .......... .......... .......... 17%  115M 18s
 10450K .......... .......... .......... .......... .......... 17% 4.78M 18s
 10500K .......... .......... .......... .......... .......... 18% 81.1M 18s
 10550K .......... .......... .......... .......... .......... 18%  127M 18s
 10600K .......... .......... .......... .......... .......... 18%  136M 18s
 10650K .......... .......... .......... .......... .......... 18%  125M 17s
 10700K .......... .......... .......... .......... .......... 18%  139M 17s
 10750K .......... .......... .......... .......... .......... 18% 91.8M 17s
 10800K .......... .......... .......... .......... .......... 18%  103M 17s
 10850K .......... .......... .......... .......... .......... 18%  112M 17s
 10900K .......... .......... .......... .......... .......... 18% 90.5M 17s
 10950K .......... .......... .......... .......... .......... 18% 90.0M 17s
 11000K .......... .......... .......... .......... .......... 18% 90.5M 17s
 11050K .......... .......... .......... .......... .......... 19%  122M 17s
 11100K .......... .......... .......... .......... .......... 19%  125M 17s
 11150K .......... .......... .......... .......... .......... 19% 98.9M 17s
 11200K .......... .......... .......... .......... .......... 19%  130M 16s
 11250K .......... .......... .......... .......... .......... 19%  130M 16s
 11300K .......... .......... .......... .......... .......... 19%  119M 16s
 11350K .......... .......... .......... .......... .......... 19% 7.89M 16s
 11400K .......... .......... .......... .......... .......... 19% 9.22M 16s
 11450K .......... .......... .......... .......... .......... 19% 6.08M 16s
 11500K .......... .......... .......... .......... .......... 19% 6.13M 16s
 11550K .......... .......... .......... .......... .......... 19% 5.43M 16s
 11600K .......... .......... .......... .......... .......... 19% 9.83M 16s
 11650K .......... .......... .......... .......... .......... 20% 6.03M 16s
 11700K .......... .......... .......... .......... .......... 20% 6.92M 16s
 11750K .......... .......... .......... .......... .......... 20% 7.86M 16s
 11800K .......... .......... .......... .......... .......... 20% 8.84M 16s
 11850K .......... .......... .......... .......... .......... 20% 6.03M 16s
 11900K .......... .......... .......... .......... .......... 20% 8.93M 16s
 11950K .......... .......... .......... .......... .......... 20% 4.54M 16s
 12000K .......... .......... .......... .......... .......... 20% 8.87M 15s
 12050K .......... .......... .......... .......... .......... 20% 6.01M 15s
 12100K .......... .......... .......... .......... .......... 20% 8.88M 15s
 12150K .......... .......... .......... .......... .......... 20% 6.03M 15s
 12200K .......... .......... .......... .......... .......... 20% 9.27M 15s
 12250K .......... .......... .......... .......... .......... 21%  101K 17s
 12300K .......... .......... .......... .......... .......... 21%  138K 18s
 12350K .......... .......... .......... .......... .......... 21% 1.49M 18s
 12400K .......... .......... .......... .......... .......... 21%  356K 19s
 12450K .......... .......... .......... .......... .......... 21%  799K 19s
 12500K .......... .......... .......... .......... .......... 21% 1.18M 19s
 12550K .......... .......... .......... .......... .......... 21% 1.20M 19s
 12600K .......... .......... .......... .......... .......... 21% 1.24M 19s
 12650K .......... .......... .......... .......... .......... 21% 1.49M 19s
 12700K .......... .......... .......... .......... .......... 21% 1.83M 19s
 12750K .......... .......... .......... .......... .......... 21% 2.02M 19s
 12800K .......... .......... .......... .......... .......... 22% 1.70M 19s
 12850K .......... .......... .......... .......... .......... 22% 2.85M 19s
 12900K .......... .......... .......... .......... .......... 22% 2.81M 19s
 12950K .......... .......... .......... .......... .......... 22% 3.03M 19s
 13000K .......... .......... .......... .......... .......... 22% 2.57M 19s
 13050K .......... .......... .......... .......... .......... 22% 3.01M 19s
 13100K .......... .......... .......... .......... .......... 22% 2.99M 19s
 13150K .......... .......... .......... .......... .......... 22% 4.72M 19s
 13200K .......... .......... .......... .......... .......... 22% 2.91M 19s
 13250K .......... .......... .......... .......... .......... 22% 4.13M 19s
 13300K .......... .......... .......... .......... .......... 22% 4.15M 19s
 13350K .......... .......... .......... .......... .......... 22% 5.16M 19s
 13400K .......... .......... .......... .......... .......... 23% 4.49M 19s
 13450K .......... .......... .......... .......... .......... 23% 4.85M 19s
 13500K .......... .......... .......... .......... .......... 23% 5.69M 18s
 13550K .......... .......... .......... .......... .......... 23% 4.60M 18s
 13600K .......... .......... .......... .......... .......... 23% 4.99M 18s
 13650K .......... .......... .......... .......... .......... 23% 6.55M 18s
 13700K .......... .......... .......... .......... .......... 23% 6.12M 18s
 13750K .......... .......... .......... .......... .......... 23% 6.00M 18s
 13800K .......... .......... .......... .......... .......... 23% 7.30M 18s
 13850K .......... .......... .......... .......... .......... 23% 6.48M 18s
 13900K .......... .......... .......... .......... .......... 23% 7.11M 18s
 13950K .......... .......... .......... .......... .......... 23% 6.86M 18s
 14000K .......... .......... .......... .......... .......... 24% 5.26M 18s
 14050K .......... .......... .......... .......... .......... 24% 7.40M 18s
 14100K .......... .......... .......... .......... .......... 24% 7.49M 18s
 14150K .......... .......... .......... .......... .......... 24% 6.88M 18s
 14200K .......... .......... .......... .......... .......... 24% 7.06M 18s
 14250K .......... .......... .......... .......... .......... 24% 7.34M 18s
 14300K .......... .......... .......... .......... .......... 24% 7.17M 17s
 14350K .......... .......... .......... .......... .......... 24% 5.43M 17s
 14400K .......... .......... .......... .......... .......... 24% 7.39M 17s
 14450K .......... .......... .......... .......... .......... 24% 7.27M 17s
 14500K .......... .......... .......... .......... .......... 24% 7.28M 17s
 14550K .......... .......... .......... .......... .......... 25% 7.14M 17s
 14600K .......... .......... .......... .......... .......... 25% 7.20M 17s
 14650K .......... .......... .......... .......... .......... 25% 6.99M 17s
 14700K .......... .......... .......... .......... .......... 25% 6.36M 17s
 14750K .......... .......... .......... .......... .......... 25% 5.70M 17s
 14800K .......... .......... .......... .......... .......... 25% 7.15M 17s
 14850K .......... .......... .......... .......... .......... 25% 7.22M 17s
 14900K .......... .......... .......... .......... .......... 25% 7.15M 17s
 14950K .......... .......... .......... .......... .......... 25% 7.14M 17s
 15000K .......... .......... .......... .......... .......... 25% 7.33M 17s
 15050K .......... .......... .......... .......... .......... 25% 7.09M 17s
 15100K .......... .......... .......... .......... .......... 25% 4.06M 17s
 15150K .......... .......... .......... .......... .......... 26% 14.1M 17s
 15200K .......... .......... .......... .......... .......... 26% 6.31M 16s
 15250K .......... .......... .......... .......... .......... 26% 7.39M 16s
 15300K .......... .......... .......... .......... .......... 26% 3.57M 16s
 15350K .......... .......... .......... .......... .......... 26% 27.0M 16s
 15400K .......... .......... .......... .......... .......... 26% 9.18M 16s
 15450K .......... .......... .......... .......... .......... 26% 6.97M 16s
 15500K .......... .......... .......... .......... .......... 26% 7.82M 16s
 15550K .......... .......... .......... .......... .......... 26% 5.12M 16s
 15600K .......... .......... .......... .......... .......... 26% 7.75M 16s
 15650K .......... .......... .......... .......... .......... 26% 7.69M 16s
 15700K .......... .......... .......... .......... .......... 26% 7.18M 16s
 15750K .......... .......... .......... .......... .......... 27% 7.03M 16s
 15800K .......... .......... .......... .......... .......... 27% 7.06M 16s
 15850K .......... .......... .......... .......... .......... 27% 7.07M 16s
 15900K .......... .......... .......... .......... .......... 27% 7.47M 16s
 15950K .......... .......... .......... .......... .......... 27% 4.69M 16s
 16000K .......... .......... .......... .......... .......... 27% 8.16M 16s
 16050K .......... .......... .......... .......... .......... 27% 7.13M 16s
 16100K .......... .......... .......... .......... .......... 27% 7.24M 16s
 16150K .......... .......... .......... .......... .......... 27% 6.36M 16s
 16200K .......... .......... .......... .......... .......... 27% 8.50M 15s
 16250K .......... .......... .......... .......... .......... 27% 6.89M 15s
 16300K .......... .......... .......... .......... .......... 28% 7.47M 15s
 16350K .......... .......... .......... .......... .......... 28% 5.53M 15s
 16400K .......... .......... .......... .......... .......... 28% 7.20M 15s
 16450K .......... .......... .......... .......... .......... 28% 7.23M 15s
 16500K .......... .......... .......... .......... .......... 28% 7.09M 15s
 16550K .......... .......... .......... .......... .......... 28% 7.29M 15s
 16600K .......... .......... .......... .......... .......... 28% 7.26M 15s
 16650K .......... .......... .......... .......... .......... 28% 7.23M 15s
 16700K .......... .......... .......... .......... .......... 28% 7.07M 15s
 16750K .......... .......... .......... .......... .......... 28% 5.15M 15s
 16800K .......... .......... .......... .......... .......... 28% 7.20M 15s
 16850K .......... .......... .......... .......... .......... 28% 7.16M 15s
 16900K .......... .......... .......... .......... .......... 29% 7.21M 15s
 16950K .......... .......... .......... .......... .......... 29% 6.38M 15s
 17000K .......... .......... .......... .......... .......... 29% 8.19M 15s
 17050K .......... .......... .......... .......... .......... 29% 6.88M 15s
 17100K .......... .......... .......... .......... .......... 29% 7.46M 15s
 17150K .......... .......... .......... .......... .......... 29% 5.57M 15s
 17200K .......... .......... .......... .......... .......... 29% 7.33M 15s
 17250K .......... .......... .......... .......... .......... 29% 6.28M 15s
 17300K .......... .......... .......... .......... .......... 29% 7.12M 14s
 17350K .......... .......... .......... .......... .......... 29% 7.13M 14s
 17400K .......... .......... .......... .......... .......... 29% 7.32M 14s
 17450K .......... .......... .......... .......... .......... 29% 7.20M 14s
 17500K .......... .......... .......... .......... .......... 30% 7.01M 14s
 17550K .......... .......... .......... .......... .......... 30% 5.74M 14s
 17600K .......... .......... .......... .......... .......... 30% 7.00M 14s
 17650K .......... .......... .......... .......... .......... 30% 8.84M 14s
 17700K .......... .......... .......... .......... .......... 30% 9.90M 14s
 17750K .......... .......... .......... .......... .......... 30% 9.47M 14s
 17800K .......... .......... .......... .......... .......... 30% 11.0M 14s
 17850K .......... .......... .......... .......... .......... 30% 9.00M 14s
 17900K .......... .......... .......... .......... .......... 30% 9.95M 14s
 17950K .......... .......... .......... .......... .......... 30% 6.97M 14s
 18000K .......... .......... .......... .......... .......... 30% 9.01M 14s
 18050K .......... .......... .......... .......... .......... 31% 9.73M 14s
 18100K .......... .......... .......... .......... .......... 31% 8.94M 14s
 18150K .......... .......... .......... .......... .......... 31% 11.5M 14s
 18200K .......... .......... .......... .......... .......... 31% 7.94M 14s
 18250K .......... .......... .......... .......... .......... 31% 6.24M 14s
 18300K .......... .......... .......... .......... .......... 31%  823K 14s
 18350K .......... .......... .......... .......... .......... 31% 8.26M 14s
 18400K .......... .......... .......... .......... .......... 31%  467K 14s
 18450K .......... .......... .......... .......... .......... 31%  145K 15s
 18500K .......... .......... .......... .......... .......... 31%  454K 15s
 18550K .......... .......... .......... .......... .......... 31%  587K 15s
 18600K .......... .......... .......... .......... .......... 31%  848K 15s
 18650K .......... .......... .......... .......... .......... 32% 1.11M 15s
 18700K .......... .......... .......... .......... .......... 32% 1.17M 15s
 18750K .......... .......... .......... .......... .......... 32% 1.33M 15s
 18800K .......... .......... .......... .......... .......... 32% 1.14M 15s
 18850K .......... .......... .......... .......... .......... 32% 1.82M 15s
 18900K .......... .......... .......... .......... .......... 32% 2.24M 15s
 18950K .......... .......... .......... .......... .......... 32% 2.22M 15s
 19000K .......... .......... .......... .......... .......... 32% 2.62M 15s
 19050K .......... .......... .......... .......... .......... 32% 3.13M 15s
 19100K .......... .......... .......... .......... .......... 32% 2.72M 15s
 19150K .......... .......... .......... .......... .......... 32% 3.23M 15s
 19200K .......... .......... .......... .......... .......... 32% 2.41M 15s
 19250K .......... .......... .......... .......... .......... 33% 3.42M 15s
 19300K .......... .......... .......... .......... .......... 33% 3.77M 15s
 19350K .......... .......... .......... .......... .......... 33% 3.92M 15s
 19400K .......... .......... .......... .......... .......... 33% 3.92M 15s
 19450K .......... .......... .......... .......... .......... 33% 4.63M 15s
 19500K .......... .......... .......... .......... .......... 33% 4.28M 15s
 19550K .......... .......... .......... .......... .......... 33% 5.01M 15s
 19600K .......... .......... .......... .......... .......... 33% 3.36M 15s
 19650K .......... .......... .......... .......... .......... 33% 6.36M 15s
 19700K .......... .......... .......... .......... .......... 33% 5.13M 15s
 19750K .......... .......... .......... .......... .......... 33% 6.06M 15s
 19800K .......... .......... .......... .......... .......... 34% 5.75M 14s
 19850K .......... .......... .......... .......... .......... 34% 6.22M 14s
 19900K .......... .......... .......... .......... .......... 34% 6.83M 14s
 19950K .......... .......... .......... .......... .......... 34% 6.36M 14s
 20000K .......... .......... .......... .......... .......... 34% 4.95M 14s
 20050K .......... .......... .......... .......... .......... 34% 7.86M 14s
 20100K .......... .......... .......... .......... .......... 34% 7.05M 14s
 20150K .......... .......... .......... .......... .......... 34% 7.36M 14s
 20200K .......... .......... .......... .......... .......... 34% 7.97M 14s
 20250K .......... .......... .......... .......... .......... 34% 7.11M 14s
 20300K .......... .......... .......... .......... .......... 34% 8.73M 14s
 20350K .......... .......... .......... .......... .......... 34% 8.74M 14s
 20400K .......... .......... .......... .......... .......... 35% 6.32M 14s
 20450K .......... .......... .......... .......... .......... 35% 7.82M 14s
 20500K .......... .......... .......... .......... .......... 35% 9.40M 14s
 20550K .......... .......... .......... .......... .......... 35% 8.87M 14s
 20600K .......... .......... .......... .......... .......... 35% 8.44M 14s
 20650K .......... .......... .......... .......... .......... 35% 8.72M 14s
 20700K .......... .......... .......... .......... .......... 35% 9.23M 14s
 20750K .......... .......... .......... .......... .......... 35% 6.52M 14s
 20800K .......... .......... .......... .......... .......... 35% 8.56M 14s
 20850K .......... .......... .......... .......... .......... 35% 8.35M 14s
 20900K .......... .......... .......... .......... .......... 35% 8.75M 14s
 20950K .......... .......... .......... .......... .......... 35% 10.3M 14s
 21000K .......... .......... .......... .......... .......... 36% 7.96M 14s
 21050K .......... .......... .......... .......... .......... 36% 6.07M 13s
 21100K .......... .......... .......... .......... .......... 36% 6.07M 13s
 21150K .......... .......... .......... .......... .......... 36% 6.11M 13s
 21200K .......... .......... .......... .......... .......... 36% 8.54M 13s
 21250K .......... .......... .......... .......... .......... 36%  714K 13s
 21300K .......... .......... .......... .......... .......... 36% 8.78M 13s
 21350K .......... .......... .......... .......... .......... 36% 9.50M 13s
 21400K .......... .......... .......... .......... .......... 36%  710K 13s
 21450K .......... .......... .......... .......... .......... 36% 9.04M 13s
 21500K .......... .......... .......... .......... .......... 36% 86.4M 13s
 21550K .......... .......... .......... .......... .......... 37%  102M 13s
 21600K .......... .......... .......... .......... .......... 37%  132M 13s
 21650K .......... .......... .......... .......... .......... 37%  139M 13s
 21700K .......... .......... .......... .......... .......... 37%  138M 13s
 21750K .......... .......... .......... .......... .......... 37% 99.9M 13s
 21800K .......... .......... .......... .......... .......... 37% 99.4M 13s
 21850K .......... .......... .......... .......... .......... 37% 97.8M 13s
 21900K .......... .......... .......... .......... .......... 37%  115M 13s
 21950K .......... .......... .......... .......... .......... 37% 7.66M 13s
 22000K .......... .......... .......... .......... .......... 37% 97.7M 13s
 22050K .......... .......... .......... .......... .......... 37%  119M 13s
 22100K .......... .......... .......... .......... .......... 37%  125M 13s
 22150K .......... .......... .......... .......... .......... 38%  121M 13s
 22200K .......... .......... .......... .......... .......... 38% 1.73M 13s
 22250K .......... .......... .......... .......... .......... 38% 9.32M 13s
 22300K .......... .......... .......... .......... .......... 38% 8.49M 13s
 22350K .......... .......... .......... .......... .......... 38% 4.55M 13s
 22400K .......... .......... .......... .......... .......... 38% 6.08M 13s
 22450K .......... .......... .......... .......... .......... 38% 5.97M 13s
 22500K .......... .......... .......... .......... .......... 38% 88.5M 13s
 22550K .......... .......... .......... .......... .......... 38%  122M 12s
 22600K .......... .......... .......... .......... .......... 38%  135M 12s
 22650K .......... .......... .......... .......... .......... 38%  139M 12s
 22700K .......... .......... .......... .......... .......... 38%  113M 12s
 22750K .......... .......... .......... .......... .......... 39% 82.0M 12s
 22800K .......... .......... .......... .......... .......... 39%  108M 12s
 22850K .......... .......... .......... .......... .......... 39%  138M 12s
 22900K .......... .......... .......... .......... .......... 39% 28.0M 12s
 22950K .......... .......... .......... .......... .......... 39% 6.01M 12s
 23000K .......... .......... .......... .......... .......... 39% 9.01M 12s
 23050K .......... .......... .......... .......... .......... 39% 6.17M 12s
 23100K .......... .......... .......... .......... .......... 39% 8.12M 12s
 23150K .......... .......... .......... .......... .......... 39% 6.35M 12s
 23200K .......... .......... .......... .......... .......... 39% 5.94M 12s
 23250K .......... .......... .......... .......... .......... 39% 5.98M 12s
 23300K .......... .......... .......... .......... .......... 40% 9.37M 12s
 23350K .......... .......... .......... .......... .......... 40% 6.09M 12s
 23400K .......... .......... .......... .......... .......... 40% 8.59M 12s
 23450K .......... .......... .......... .......... .......... 40% 5.67M 12s
 23500K .......... .......... .......... .......... .......... 40% 9.87M 12s
 23550K .......... .......... .......... .......... .......... 40% 5.94M 12s
 23600K .......... .......... .......... .......... .......... 40% 6.12M 12s
 23650K .......... .......... .......... .......... .......... 40% 6.10M 12s
 23700K .......... .......... .......... .......... .......... 40% 9.21M 12s
 23750K .......... .......... .......... .......... .......... 40% 6.11M 12s
 23800K .......... .......... .......... .......... .......... 40% 8.67M 12s
 23850K .......... .......... .......... .......... .......... 40% 5.91M 12s
 23900K .......... .......... .......... .......... .......... 41% 9.55M 12s
 23950K .......... .......... .......... .......... .......... 41% 5.98M 12s
 24000K .......... .......... .......... .......... .......... 41% 6.04M 11s
 24050K .......... .......... .......... .......... .......... 41% 5.96M 11s
 24100K .......... .......... .......... .......... .......... 41% 9.03M 11s
 24150K .......... .......... .......... .......... .......... 41% 6.00M 11s
 24200K .......... .......... .......... .......... .......... 41% 9.11M 11s
 24250K .......... .......... .......... .......... .......... 41% 6.00M 11s
 24300K .......... .......... .......... .......... .......... 41% 9.09M 11s
 24350K .......... .......... .......... .......... .......... 41% 6.00M 11s
 24400K .......... .......... .......... .......... .......... 41% 6.00M 11s
 24450K .......... .......... .......... .......... .......... 41% 6.09M 11s
 24500K .......... .......... .......... .......... .......... 42% 8.88M 11s
 24550K .......... .......... .......... .......... .......... 42% 6.14M 11s
 24600K .......... .......... .......... .......... .......... 42%  290K 11s
 24650K .......... .......... .......... .......... .......... 42%  393K 11s
 24700K .......... .......... .......... .......... .......... 42%  615K 12s
 24750K .......... .......... .......... .......... .......... 42%  812K 12s
 24800K .......... .......... .......... .......... .......... 42%  891K 12s
 24850K .......... .......... .......... .......... .......... 42% 1.22M 12s
 24900K .......... .......... .......... .......... .......... 42% 1.26M 12s
 24950K .......... .......... .......... .......... .......... 42% 1.58M 12s
 25000K .......... .......... .......... .......... .......... 42% 1.99M 12s
 25050K .......... .......... .......... .......... .......... 43% 2.11M 12s
 25100K .......... .......... .......... .......... .......... 43% 2.54M 12s
 25150K .......... .......... .......... .......... .......... 43% 2.67M 12s
 25200K .......... .......... .......... .......... .......... 43% 2.04M 12s
 25250K .......... .......... .......... .......... .......... 43% 2.91M 12s
 25300K .......... .......... .......... .......... .......... 43% 2.91M 12s
 25350K .......... .......... .......... .......... .......... 43% 3.03M 12s
 25400K .......... .......... .......... .......... .......... 43% 3.57M 12s
 25450K .......... .......... .......... .......... .......... 43% 3.72M 11s
 25500K .......... .......... .......... .......... .......... 43% 3.88M 11s
 25550K .......... .......... .......... .......... .......... 43% 4.33M 11s
 25600K .......... .......... .......... .......... .......... 43% 3.07M 11s
 25650K .......... .......... .......... .......... .......... 44% 5.12M 11s
 25700K .......... .......... .......... .......... .......... 44% 4.73M 11s
 25750K .......... .......... .......... .......... .......... 44% 5.45M 11s
 25800K .......... .......... .......... .......... .......... 44% 5.20M 11s
 25850K .......... .......... .......... .......... .......... 44% 4.76M 11s
 25900K .......... .......... .......... .......... .......... 44% 8.21M 11s
 25950K .......... .......... .......... .......... .......... 44% 5.82M 11s
 26000K .......... .......... .......... .......... .......... 44% 4.52M 11s
 26050K .......... .......... .......... .......... .......... 44% 6.74M 11s
 26100K .......... .......... .......... .......... .......... 44% 6.13M 11s
 26150K .......... .......... .......... .......... .......... 44% 6.59M 11s
 26200K .......... .......... .......... .......... .......... 44% 7.43M 11s
 26250K .......... .......... .......... .......... .......... 45% 7.51M 11s
 26300K .......... .......... .......... .......... .......... 45% 7.26M 11s
 26350K .......... .......... .......... .......... .......... 45% 7.43M 11s
 26400K .......... .......... .......... .......... .......... 45% 5.33M 11s
 26450K .......... .......... .......... .......... .......... 45% 10.9M 11s
 26500K .......... .......... .......... .......... .......... 45% 8.43M 11s
 26550K .......... .......... .......... .......... .......... 45% 7.77M 11s
 26600K .......... .......... .......... .......... .......... 45% 12.1M 11s
 26650K .......... .......... .......... .......... .......... 45% 11.1M 11s
 26700K .......... .......... .......... .......... .......... 45% 13.2M 11s
 26750K .......... .......... .......... .......... .......... 45% 8.38M 11s
 26800K .......... .......... .......... .......... .......... 46% 13.6M 11s
 26850K .......... .......... .......... .......... .......... 46% 6.49M 11s
 26900K .......... .......... .......... .......... .......... 46% 5.96M 11s
 26950K .......... .......... .......... .......... .......... 46%  714K 11s
 27000K .......... .......... .......... .......... .......... 46% 8.08M 11s
 27050K .......... .......... .......... .......... .......... 46% 6.20M 11s
 27100K .......... .......... .......... .......... .......... 46% 6.24M 11s
 27150K .......... .......... .......... .......... .......... 46%  833K 11s
 27200K .......... .......... .......... .......... .......... 46%  124M 11s
 27250K .......... .......... .......... .......... .......... 46%  138M 11s
 27300K .......... .......... .......... .......... .......... 46%  115M 11s
 27350K .......... .......... .......... .......... .......... 46%  139M 11s
 27400K .......... .......... .......... .......... .......... 47%  140M 10s
 27450K .......... .......... .......... .......... .......... 47% 86.9M 10s
 27500K .......... .......... .......... .......... .......... 47%  118M 10s
 27550K .......... .......... .......... .......... .......... 47% 92.1M 10s
 27600K .......... .......... .......... .......... .......... 47%  138M 10s
 27650K .......... .......... .......... .......... .......... 47%  137M 10s
 27700K .......... .......... .......... .......... .......... 47% 35.9M 10s
 27750K .......... .......... .......... .......... .......... 47% 3.62M 10s
 27800K .......... .......... .......... .......... .......... 47% 9.49M 10s
 27850K .......... .......... .......... .......... .......... 47% 8.63M 10s
 27900K .......... .......... .......... .......... .......... 47% 6.43M 10s
 27950K .......... .......... .......... .......... .......... 47% 88.7M 10s
 28000K .......... .......... .......... .......... .......... 48%  133M 10s
 28050K .......... .......... .......... .......... .......... 48%  130M 10s
 28100K .......... .......... .......... .......... .......... 48%  113M 10s
 28150K .......... .......... .......... .......... .......... 48%  134M 10s
 28200K .......... .......... .......... .......... .......... 48%  139M 10s
 28250K .......... .......... .......... .......... .......... 48%  880K 10s
 28300K .......... .......... .......... .......... .......... 48% 51.9M 10s
 28350K .......... .......... .......... .......... .......... 48% 63.5M 10s
 28400K .......... .......... .......... .......... .......... 48%  125M 10s
 28450K .......... .......... .......... .......... .......... 48%  124M 10s
 28500K .......... .......... .......... .......... .......... 48%  107M 10s
 28550K .......... .......... .......... .......... .......... 49%  124M 10s
 28600K .......... .......... .......... .......... .......... 49%  125M 10s
 28650K .......... .......... .......... .......... .......... 49%  127M 10s
 28700K .......... .......... .......... .......... .......... 49% 38.7M 10s
 28750K .......... .......... .......... .......... .......... 49% 5.66M 10s
 28800K .......... .......... .......... .......... .......... 49% 6.43M 10s
 28850K .......... .......... .......... .......... .......... 49% 8.11M 10s
 28900K .......... .......... .......... .......... .......... 49% 6.63M 10s
 28950K .......... .......... .......... .......... .......... 49% 8.24M 10s
 29000K .......... .......... .......... .......... .......... 49% 6.39M 10s
 29050K .......... .......... .......... .......... .......... 49% 8.52M 10s
 29100K .......... .......... .......... .......... .......... 49% 6.19M 9s
 29150K .......... .......... .......... .......... .......... 50% 8.82M 9s
 29200K .......... .......... .......... .......... .......... 50% 4.48M 9s
 29250K .......... .......... .......... .......... .......... 50% 9.16M 9s
 29300K .......... .......... .......... .......... .......... 50% 5.50M 9s
 29350K .......... .......... .......... .......... .......... 50% 10.6M 9s
 29400K .......... .......... .......... .......... .......... 50% 6.07M 9s
 29450K .......... .......... .......... .......... .......... 50% 9.11M 9s
 29500K .......... .......... .......... .......... .......... 50% 6.07M 9s
 29550K .......... .......... .......... .......... .......... 50% 8.73M 9s
 29600K .......... .......... .......... .......... .......... 50% 4.58M 9s
 29650K .......... .......... .......... .......... .......... 50% 8.78M 9s
 29700K .......... .......... .......... .......... .......... 50% 6.10M 9s
 29750K .......... .......... .......... .......... .......... 51% 9.12M 9s
 29800K .......... .......... .......... .......... .......... 51% 6.07M 9s
 29850K .......... .......... .......... .......... .......... 51% 8.92M 9s
 29900K .......... .......... .......... .......... .......... 51% 5.81M 9s
 29950K .......... .......... .......... .......... .......... 51% 9.17M 9s
 30000K .......... .......... .......... .......... .......... 51% 4.62M 9s
 30050K .......... .......... .......... .......... .......... 51% 9.03M 9s
 30100K .......... .......... .......... .......... .......... 51% 6.09M 9s
 30150K .......... .......... .......... .......... .......... 51% 8.74M 9s
 30200K .......... .......... .......... .......... .......... 51% 6.18M 9s
 30250K .......... .......... .......... .......... .......... 51% 8.94M 9s
 30300K .......... .......... .......... .......... .......... 51% 6.07M 9s
 30350K .......... .......... .......... .......... .......... 52% 8.27M 9s
 30400K .......... .......... .......... .......... .......... 52% 4.74M 9s
 30450K .......... .......... .......... .......... .......... 52% 8.69M 9s
 30500K .......... .......... .......... .......... .......... 52% 5.99M 9s
 30550K .......... .......... .......... .......... .......... 52% 9.42M 9s
 30600K .......... .......... .......... .......... .......... 52% 6.12M 9s
 30650K .......... .......... .......... .......... .......... 52% 8.78M 9s
 30700K .......... .......... .......... .......... .......... 52%  254K 9s
 30750K .......... .......... .......... .......... .......... 52%  193K 9s
 30800K .......... .......... .......... .......... .......... 52%  341K 9s
 30850K .......... .......... .......... .......... .......... 52%  662K 9s
 30900K .......... .......... .......... .......... .......... 53%  968K 9s
 30950K .......... .......... .......... .......... .......... 53% 1.13M 9s
 31000K .......... .......... .......... .......... .......... 53% 1.30M 9s
 31050K .......... .......... .......... .......... .......... 53% 1.05M 9s
 31100K .......... .......... .......... .......... .......... 53% 1.86M 9s
 31150K .......... .......... .......... .......... .......... 53% 1.97M 9s
 31200K .......... .......... .......... .......... .......... 53% 1.63M 9s
 31250K .......... .......... .......... .......... .......... 53% 2.42M 9s
 31300K .......... .......... .......... .......... .......... 53% 2.71M 9s
 31350K .......... .......... .......... .......... .......... 53% 2.86M 9s
 31400K .......... .......... .......... .......... .......... 53% 2.88M 9s
 31450K .......... .......... .......... .......... .......... 53% 2.82M 9s
 31500K .......... .......... .......... .......... .......... 54% 3.22M 9s
 31550K .......... .......... .......... .......... .......... 54% 3.55M 9s
 31600K .......... .......... .......... .......... .......... 54% 2.77M 9s
 31650K .......... .......... .......... .......... .......... 54% 3.79M 9s
 31700K .......... .......... .......... .......... .......... 54% 4.13M 9s
 31750K .......... .......... .......... .......... .......... 54% 4.02M 9s
 31800K .......... .......... .......... .......... .......... 54% 4.96M 9s
 31850K .......... .......... .......... .......... .......... 54% 4.83M 9s
 31900K .......... .......... .......... .......... .......... 54% 4.94M 9s
 31950K .......... .......... .......... .......... .......... 54% 5.34M 9s
 32000K .......... .......... .......... .......... .......... 54% 4.22M 9s
 32050K .......... .......... .......... .......... .......... 54% 5.48M 9s
 32100K .......... .......... .......... .......... .......... 55% 5.70M 9s
 32150K .......... .......... .......... .......... .......... 55% 7.45M 9s
 32200K .......... .......... .......... .......... .......... 55% 6.27M 9s
 32250K .......... .......... .......... .......... .......... 55% 5.88M 9s
 32300K .......... .......... .......... .......... .......... 55% 7.41M 9s
 32350K .......... .......... .......... .......... .......... 55% 7.36M 9s
 32400K .......... .......... .......... .......... .......... 55% 3.99M 9s
 32450K .......... .......... .......... .......... .......... 55% 7.67M 9s
 32500K .......... .......... .......... .......... .......... 55% 7.61M 9s
 32550K .......... .......... .......... .......... .......... 55% 7.34M 9s
 32600K .......... .......... .......... .......... .......... 55% 7.56M 9s
 32650K .......... .......... .......... .......... .......... 56% 7.42M 9s
 32700K .......... .......... .......... .......... .......... 56% 7.44M 9s
 32750K .......... .......... .......... .......... .......... 56% 5.24M 9s
 32800K .......... .......... .......... .......... .......... 56% 7.56M 9s
 32850K .......... .......... .......... .......... .......... 56% 7.41M 8s
 32900K .......... .......... .......... .......... .......... 56% 7.42M 8s
 32950K .......... .......... .......... .......... .......... 56% 7.05M 8s
 33000K .......... .......... .......... .......... .......... 56% 7.78M 8s
 33050K .......... .......... .......... .......... .......... 56% 7.13M 8s
 33100K .......... .......... .......... .......... .......... 56% 8.10M 8s
 33150K .......... .......... .......... .......... .......... 56% 5.73M 8s
 33200K .......... .......... .......... .......... .......... 56% 7.39M 8s
 33250K .......... .......... .......... .......... .......... 57% 7.49M 8s
 33300K .......... .......... .......... .......... .......... 57% 7.11M 8s
 33350K .......... .......... .......... .......... .......... 57% 7.57M 8s
 33400K .......... .......... .......... .......... .......... 57% 7.62M 8s
 33450K .......... .......... .......... .......... .......... 57% 7.31M 8s
 33500K .......... .......... .......... .......... .......... 57% 7.65M 8s
 33550K .......... .......... .......... .......... .......... 57% 5.22M 8s
 33600K .......... .......... .......... .......... .......... 57% 7.55M 8s
 33650K .......... .......... .......... .......... .......... 57% 6.45M 8s
 33700K .......... .......... .......... .......... .......... 57% 8.90M 8s
 33750K .......... .......... .......... .......... .......... 57% 7.28M 8s
 33800K .......... .......... .......... .......... .......... 57% 7.44M 8s
 33850K .......... .......... .......... .......... .......... 58% 7.39M 8s
 33900K .......... .......... .......... .......... .......... 58% 7.50M 8s
 33950K .......... .......... .......... .......... .......... 58% 5.85M 8s
 34000K .......... .......... .......... .......... .......... 58% 7.37M 8s
 34050K .......... .......... .......... .......... .......... 58% 6.52M 8s
 34100K .......... .......... .......... .......... .......... 58% 7.53M 8s
 34150K .......... .......... .......... .......... .......... 58% 7.53M 8s
 34200K .......... .......... .......... .......... .......... 58% 7.34M 8s
 34250K .......... .......... .......... .......... .......... 58% 7.32M 8s
 34300K .......... .......... .......... .......... .......... 58% 7.54M 8s
 34350K .......... .......... .......... .......... .......... 58% 5.87M 8s
 34400K .......... .......... .......... .......... .......... 59% 7.43M 8s
 34450K .......... .......... .......... .......... .......... 59% 7.37M 8s
 34500K .......... .......... .......... .......... .......... 59% 7.16M 8s
 34550K .......... .......... .......... .......... .......... 59% 7.78M 8s
 34600K .......... .......... .......... .......... .......... 59% 7.06M 8s
 34650K .......... .......... .......... .......... .......... 59% 7.83M 8s
 34700K .......... .......... .......... .......... .......... 59% 7.44M 8s
 34750K .......... .......... .......... .......... .......... 59% 5.23M 8s
 34800K .......... .......... .......... .......... .......... 59% 7.15M 8s
 34850K .......... .......... .......... .......... .......... 59% 7.87M 8s
 34900K .......... .......... .......... .......... .......... 59% 7.55M 8s
 34950K .......... .......... .......... .......... .......... 59% 7.28M 8s
 35000K .......... .......... .......... .......... .......... 60% 7.35M 7s
 35050K .......... .......... .......... .......... .......... 60% 7.80M 7s
 35100K .......... .......... .......... .......... .......... 60% 7.17M 7s
 35150K .......... .......... .......... .......... .......... 60% 5.91M 7s
 35200K .......... .......... .......... .......... .......... 60% 7.32M 7s
 35250K .......... .......... .......... .......... .......... 60% 7.57M 7s
 35300K .......... .......... .......... .......... .......... 60% 6.98M 7s
 35350K .......... .......... .......... .......... .......... 60% 7.64M 7s
 35400K .......... .......... .......... .......... .......... 60% 5.33M 7s
 35450K .......... .......... .......... .......... .......... 60% 12.7M 7s
 35500K .......... .......... .......... .......... .......... 60% 7.55M 7s
 35550K .......... .......... .......... .......... .......... 60% 5.25M 7s
 35600K .......... .......... .......... .......... .......... 61% 6.89M 7s
 35650K .......... .......... .......... .......... .......... 61% 5.00M 7s
 35700K .......... .......... .......... .......... .......... 61% 15.6M 7s
 35750K .......... .......... .......... .......... .......... 61% 8.05M 7s
 35800K .......... .......... .......... .......... .......... 61% 6.85M 7s
 35850K .......... .......... .......... .......... .......... 61% 7.09M 7s
 35900K .......... .......... .......... .......... .......... 61% 7.44M 7s
 35950K .......... .......... .......... .......... .......... 61% 6.76M 7s
 36000K .......... .......... .......... .......... .......... 61% 8.82M 7s
 36050K .......... .......... .......... .......... .......... 61% 7.17M 7s
 36100K .......... .......... .......... .......... .......... 61% 7.92M 7s
 36150K .......... .......... .......... .......... .......... 62% 6.59M 7s
 36200K .......... .......... .......... .......... .......... 62% 8.69M 7s
 36250K .......... .......... .......... .......... .......... 62% 5.99M 7s
 36300K .......... .......... .......... .......... .......... 62% 9.05M 7s
 36350K .......... .......... .......... .......... .......... 62%  738K 7s
 36400K .......... .......... .......... .......... .......... 62% 20.4M 7s
 36450K .......... .......... .......... .......... .......... 62% 10.2M 7s
 36500K .......... .......... .......... .......... .......... 62% 9.06M 7s
 36550K .......... .......... .......... .......... .......... 62% 18.1M 7s
 36600K .......... .......... .......... .......... .......... 62% 8.10M 7s
 36650K .......... .......... .......... .......... .......... 62% 6.25M 7s
 36700K .......... .......... .......... .......... .......... 62%  123M 7s
 36750K .......... .......... .......... .......... .......... 63%  102M 7s
 36800K .......... .......... .......... .......... .......... 63%  138M 7s
 36850K .......... .......... .......... .......... .......... 63%  144K 7s
 36900K .......... .......... .......... .......... .......... 63%  435K 7s
 36950K .......... .......... .......... .......... .......... 63%  441K 7s
 37000K .......... .......... .......... .......... .......... 63%  667K 7s
 37050K .......... .......... .......... .......... .......... 63% 1.01M 7s
 37100K .......... .......... .......... .......... .......... 63% 1.13M 7s
 37150K .......... .......... .......... .......... .......... 63% 1.24M 7s
 37200K .......... .......... .......... .......... .......... 63% 1023K 7s
 37250K .......... .......... .......... .......... .......... 63% 1.61M 7s
 37300K .......... .......... .......... .......... .......... 63% 1.98M 7s
 37350K .......... .......... .......... .......... .......... 64% 2.27M 7s
 37400K .......... .......... .......... .......... .......... 64% 2.35M 7s
 37450K .......... .......... .......... .......... .......... 64% 2.83M 7s
 37500K .......... .......... .......... .......... .......... 64% 2.79M 7s
 37550K .......... .......... .......... .......... .......... 64% 3.07M 7s
 37600K .......... .......... .......... .......... .......... 64% 2.55M 7s
 37650K .......... .......... .......... .......... .......... 64% 3.45M 7s
 37700K .......... .......... .......... .......... .......... 64% 3.40M 7s
 37750K .......... .......... .......... .......... .......... 64% 3.47M 7s
 37800K .......... .......... .......... .......... .......... 64% 3.66M 7s
 37850K .......... .......... .......... .......... .......... 64% 4.20M 7s
 37900K .......... .......... .......... .......... .......... 65% 3.94M 7s
 37950K .......... .......... .......... .......... .......... 65% 4.36M 7s
 38000K .......... .......... .......... .......... .......... 65% 4.13M 7s
 38050K .......... .......... .......... .......... .......... 65% 4.27M 7s
 38100K .......... .......... .......... .......... .......... 65% 5.68M 7s
 38150K .......... .......... .......... .......... .......... 65% 6.19M 7s
 38200K .......... .......... .......... .......... .......... 65% 6.23M 7s
 38250K .......... .......... .......... .......... .......... 65% 5.87M 7s
 38300K .......... .......... .......... .......... .......... 65% 5.97M 7s
 38350K .......... .......... .......... .......... .......... 65% 6.98M 7s
 38400K .......... .......... .......... .......... .......... 65% 5.04M 7s
 38450K .......... .......... .......... .......... .......... 65% 6.70M 7s
 38500K .......... .......... .......... .......... .......... 66% 8.03M 7s
 38550K .......... .......... .......... .......... .......... 66% 6.89M 7s
 38600K .......... .......... .......... .......... .......... 66% 7.89M 6s
 38650K .......... .......... .......... .......... .......... 66% 6.32M 6s
 38700K .......... .......... .......... .......... .......... 66% 8.13M 6s
 38750K .......... .......... .......... .......... .......... 66% 8.33M 6s
 38800K .......... .......... .......... .......... .......... 66% 5.60M 6s
 38850K .......... .......... .......... .......... .......... 66% 7.03M 6s
 38900K .......... .......... .......... .......... .......... 66% 8.17M 6s
 38950K .......... .......... .......... .......... .......... 66% 7.35M 6s
 39000K .......... .......... .......... .......... .......... 66% 7.38M 6s
 39050K .......... .......... .......... .......... .......... 66% 6.95M 6s
 39100K .......... .......... .......... .......... .......... 67% 6.83M 6s
 39150K .......... .......... .......... .......... .......... 67% 6.74M 6s
 39200K .......... .......... .......... .......... .......... 67% 6.95M 6s
 39250K .......... .......... .......... .......... .......... 67% 8.12M 6s
 39300K .......... .......... .......... .......... .......... 67% 7.98M 6s
 39350K .......... .......... .......... .......... .......... 67% 7.68M 6s
 39400K .......... .......... .......... .......... .......... 67% 7.27M 6s
 39450K .......... .......... .......... .......... .......... 67% 8.23M 6s
 39500K .......... .......... .......... .......... .......... 67% 7.29M 6s
 39550K .......... .......... .......... .......... .......... 67% 5.60M 6s
 39600K .......... .......... .......... .......... .......... 67% 5.49M 6s
 39650K .......... .......... .......... .......... .......... 68% 7.73M 6s
 39700K .......... .......... .......... .......... .......... 68% 7.89M 6s
 39750K .......... .......... .......... .......... .......... 68% 7.87M 6s
 39800K .......... .......... .......... .......... .......... 68% 7.37M 6s
 39850K .......... .......... .......... .......... .......... 68% 8.16M 6s
 39900K .......... .......... .......... .......... .......... 68% 7.41M 6s
 39950K .......... .......... .......... .......... .......... 68% 5.36M 6s
 40000K .......... .......... .......... .......... .......... 68% 8.05M 6s
 40050K .......... .......... .......... .......... .......... 68% 7.56M 6s
 40100K .......... .......... .......... .......... .......... 68% 8.00M 6s
 40150K .......... .......... .......... .......... .......... 68% 7.78M 6s
 40200K .......... .......... .......... .......... .......... 68% 7.70M 6s
 40250K .......... .......... .......... .......... .......... 69% 6.42M 6s
 40300K .......... .......... .......... .......... .......... 69% 6.83M 6s
 40350K .......... .......... .......... .......... .......... 69% 6.69M 6s
 40400K .......... .......... .......... .......... .......... 69% 5.96M 6s
 40450K .......... .......... .......... .......... .......... 69% 12.8M 6s
 40500K .......... .......... .......... .......... .......... 69% 7.85M 6s
 40550K .......... .......... .......... .......... .......... 69% 7.82M 6s
 40600K .......... .......... .......... .......... .......... 69% 6.79M 6s
 40650K .......... .......... .......... .......... .......... 69% 6.93M 6s
 40700K .......... .......... .......... .......... .......... 69% 7.14M 6s
 40750K .......... .......... .......... .......... .......... 69% 4.31M 6s
 40800K .......... .......... .......... .......... .......... 69% 7.61M 6s
 40850K .......... .......... .......... .......... .......... 70% 8.37M 6s
 40900K .......... .......... .......... .......... .......... 70% 7.75M 6s
 40950K .......... .......... .......... .......... .......... 70% 8.11M 6s
 41000K .......... .......... .......... .......... .......... 70% 7.77M 6s
 41050K .......... .......... .......... .......... .......... 70% 8.17M 5s
 41100K .......... .......... .......... .......... .......... 70% 7.84M 5s
 41150K .......... .......... .......... .......... .......... 70% 5.57M 5s
 41200K .......... .......... .......... .......... .......... 70% 6.57M 5s
 41250K .......... .......... .......... .......... .......... 70% 7.84M 5s
 41300K .......... .......... .......... .......... .......... 70% 7.63M 5s
 41350K .......... .......... .......... .......... .......... 70% 8.10M 5s
 41400K .......... .......... .......... .......... .......... 71% 6.39M 5s
 41450K .......... .......... .......... .......... .......... 71% 8.41M 5s
 41500K .......... .......... .......... .......... .......... 71% 7.56M 5s
 41550K .......... .......... .......... .......... .......... 71% 8.86M 5s
 41600K .......... .......... .......... .......... .......... 71% 2.77M 5s
 41650K .......... .......... .......... .......... .......... 71% 2.84M 5s
 41700K .......... .......... .......... .......... .......... 71% 2.80M 5s
 41750K .......... .......... .......... .......... .......... 71% 3.14M 5s
 41800K .......... .......... .......... .......... .......... 71% 3.61M 5s
 41850K .......... .......... .......... .......... .......... 71% 3.65M 5s
 41900K .......... .......... .......... .......... .......... 71% 4.18M 5s
 41950K .......... .......... .......... .......... .......... 71% 4.13M 5s
 42000K .......... .......... .......... .......... .......... 72% 3.07M 5s
 42050K .......... .......... .......... .......... .......... 72% 4.85M 5s
 42100K .......... .......... .......... .......... .......... 72% 4.70M 5s
 42150K .......... .......... .......... .......... .......... 72% 5.31M 5s
 42200K .......... .......... .......... .......... .......... 72% 4.99M 5s
 42250K .......... .......... .......... .......... .......... 72% 5.21M 5s
 42300K .......... .......... .......... .......... .......... 72% 6.52M 5s
 42350K .......... .......... .......... .......... .......... 72% 5.57M 5s
 42400K .......... .......... .......... .......... .......... 72% 4.92M 5s
 42450K .......... .......... .......... .......... .......... 72% 6.35M 5s
 42500K .......... .......... .......... .......... .......... 72% 4.20M 5s
 42550K .......... .......... .......... .......... .......... 72% 6.06M 5s
 42600K .......... .......... .......... .......... .......... 73% 8.04M 5s
 42650K .......... .......... .......... .......... .......... 73% 6.85M 5s
 42700K .......... .......... .......... .......... .......... 73% 7.70M 5s
 42750K .......... .......... .......... .......... .......... 73% 8.39M 5s
 42800K .......... .......... .......... .......... .......... 73% 5.64M 5s
 42850K .......... .......... .......... .......... .......... 73% 7.76M 5s
 42900K .......... .......... .......... .......... .......... 73% 7.68M 5s
 42950K .......... .......... .......... .......... .......... 73% 5.53M 5s
 43000K .......... .......... .......... .......... .......... 73% 8.67M 5s
 43050K .......... .......... .......... .......... .......... 73%  350K 5s
 43100K .......... .......... .......... .......... .......... 73%  389K 5s
 43150K .......... .......... .......... .......... .......... 74%  659K 5s
 43200K .......... .......... .......... .......... .......... 74%  724K 5s
 43250K .......... .......... .......... .......... .......... 74%  899K 5s
 43300K .......... .......... .......... .......... .......... 74% 1.23M 5s
 43350K .......... .......... .......... .......... .......... 74% 1.35M 5s
 43400K .......... .......... .......... .......... .......... 74% 1.81M 5s
 43450K .......... .......... .......... .......... .......... 74% 2.06M 5s
 43500K .......... .......... .......... .......... .......... 74% 2.33M 5s
 43550K .......... .......... .......... .......... .......... 74% 2.22M 5s
 43600K .......... .......... .......... .......... .......... 74% 1.92M 5s
 43650K .......... .......... .......... .......... .......... 74% 2.55M 5s
 43700K .......... .......... .......... .......... .......... 74% 2.43M 5s
 43750K .......... .......... .......... .......... .......... 75% 2.70M 5s
 43800K .......... .......... .......... .......... .......... 75% 3.56M 5s
 43850K .......... .......... .......... .......... .......... 75% 3.45M 5s
 43900K .......... .......... .......... .......... .......... 75% 3.44M 5s
 43950K .......... .......... .......... .......... .......... 75% 3.79M 5s
 44000K .......... .......... .......... .......... .......... 75% 2.30M 5s
 44050K .......... .......... .......... .......... .......... 75% 5.03M 5s
 44100K .......... .......... .......... .......... .......... 75% 4.19M 5s
 44150K .......... .......... .......... .......... .......... 75% 6.24M 5s
 44200K .......... .......... .......... .......... .......... 75% 5.18M 5s
 44250K .......... .......... .......... .......... .......... 75% 5.33M 5s
 44300K .......... .......... .......... .......... .......... 75% 5.59M 5s
 44350K .......... .......... .......... .......... .......... 76% 5.95M 4s
 44400K .......... .......... .......... .......... .......... 76% 4.50M 4s
 44450K .......... .......... .......... .......... .......... 76% 6.50M 4s
 44500K .......... .......... .......... .......... .......... 76% 6.57M 4s
 44550K .......... .......... .......... .......... .......... 76% 6.09M 4s
 44600K .......... .......... .......... .......... .......... 76% 6.16M 4s
 44650K .......... .......... .......... .......... .......... 76% 8.20M 4s
 44700K .......... .......... .......... .......... .......... 76% 6.95M 4s
 44750K .......... .......... .......... .......... .......... 76% 7.18M 4s
 44800K .......... .......... .......... .......... .......... 76% 5.52M 4s
 44850K .......... .......... .......... .......... .......... 76% 6.54M 4s
 44900K .......... .......... .......... .......... .......... 77% 9.54M 4s
 44950K .......... .......... .......... .......... .......... 77% 6.58M 4s
 45000K .......... .......... .......... .......... .......... 77% 4.44M 4s
 45050K .......... .......... .......... .......... .......... 77% 9.42M 4s
 45100K .......... .......... .......... .......... .......... 77% 9.20M 4s
 45150K .......... .......... .......... .......... .......... 77% 7.61M 4s
 45200K .......... .......... .......... .......... .......... 77% 9.35M 4s
 45250K .......... .......... .......... .......... .......... 77% 8.52M 4s
 45300K .......... .......... .......... .......... .......... 77% 10.2M 4s
 45350K .......... .......... .......... .......... .......... 77% 11.5M 4s
 45400K .......... .......... .......... .......... .......... 77% 10.3M 4s
 45450K .......... .......... .......... .......... .......... 77% 5.13M 4s
 45500K .......... .......... .......... .......... .......... 78% 6.81M 4s
 45550K .......... .......... .......... .......... .......... 78% 5.92M 4s
 45600K .......... .......... .......... .......... .......... 78% 7.29M 4s
 45650K .......... .......... .......... .......... .......... 78% 6.78M 4s
 45700K .......... .......... .......... .......... .......... 78% 6.66M 4s
 45750K .......... .......... .......... .......... .......... 78% 8.16M 4s
 45800K .......... .......... .......... .......... .......... 78% 8.66M 4s
 45850K .......... .......... .......... .......... .......... 78% 8.31M 4s
 45900K .......... .......... .......... .......... .......... 78% 9.22M 4s
 45950K .......... .......... .......... .......... .......... 78% 6.92M 4s
 46000K .......... .......... .......... .......... .......... 78% 6.68M 4s
 46050K .......... .......... .......... .......... .......... 78% 5.82M 4s
 46100K .......... .......... .......... .......... .......... 79% 9.80M 4s
 46150K .......... .......... .......... .......... .......... 79% 5.28M 4s
 46200K .......... .......... .......... .......... .......... 79% 11.8M 4s
 46250K .......... .......... .......... .......... .......... 79%  736K 4s
 46300K .......... .......... .......... .......... .......... 79% 15.6M 4s
 46350K .......... .......... .......... .......... .......... 79% 3.83M 4s
 46400K .......... .......... .......... .......... .......... 79% 16.1M 4s
 46450K .......... .......... .......... .......... .......... 79%  118M 4s
 46500K .......... .......... .......... .......... .......... 79% 3.17M 4s
 46550K .......... .......... .......... .......... .......... 79%  112M 4s
 46600K .......... .......... .......... .......... .......... 79% 3.77M 4s
 46650K .......... .......... .......... .......... .......... 80%  105M 4s
 46700K .......... .......... .......... .......... .......... 80%  134M 4s
 46750K .......... .......... .......... .......... .......... 80% 3.14M 4s
 46800K .......... .......... .......... .......... .......... 80%  120M 4s
 46850K .......... .......... .......... .......... .......... 80%  109M 4s
 46900K .......... .......... .......... .......... .......... 80%  129M 4s
 46950K .......... .......... .......... .......... .......... 80% 1.44M 4s
 47000K .......... .......... .......... .......... .......... 80% 8.90M 4s
 47050K .......... .......... .......... .......... .......... 80% 9.59M 4s
 47100K .......... .......... .......... .......... .......... 80% 8.49M 4s
 47150K .......... .......... .......... .......... .......... 80% 13.1M 3s
 47200K .......... .......... .......... .......... .......... 80% 98.3M 3s
 47250K .......... .......... .......... .......... .......... 81%  131M 3s
 47300K .......... .......... .......... .......... .......... 81%  125M 3s
 47350K .......... .......... .......... .......... .......... 81%  110M 3s
 47400K .......... .......... .......... .......... .......... 81%  125M 3s
 47450K .......... .......... .......... .......... .......... 81%  135M 3s
 47500K .......... .......... .......... .......... .......... 81%  138M 3s
 47550K .......... .......... .......... .......... .......... 81% 33.4M 3s
 47600K .......... .......... .......... .......... .......... 81% 5.39M 3s
 47650K .......... .......... .......... .......... .......... 81% 7.02M 3s
 47700K .......... .......... .......... .......... .......... 81% 8.74M 3s
 47750K .......... .......... .......... .......... .......... 81% 6.25M 3s
 47800K .......... .......... .......... .......... .......... 81% 8.50M 3s
 47850K .......... .......... .......... .......... .......... 82% 6.26M 3s
 47900K .......... .......... .......... .......... .......... 82% 8.57M 3s
 47950K .......... .......... .......... .......... .......... 82% 5.91M 3s
 48000K .......... .......... .......... .......... .......... 82% 6.05M 3s
 48050K .......... .......... .......... .......... .......... 82% 6.06M 3s
 48100K .......... .......... .......... .......... .......... 82% 9.12M 3s
 48150K .......... .......... .......... .......... .......... 82% 6.10M 3s
 48200K .......... .......... .......... .......... .......... 82% 8.76M 3s
 48250K .......... .......... .......... .......... .......... 82% 6.20M 3s
 48300K .......... .......... .......... .......... .......... 82% 8.72M 3s
 48350K .......... .......... .......... .......... .......... 82% 6.24M 3s
 48400K .......... .......... .......... .......... .......... 83% 5.79M 3s
 48450K .......... .......... .......... .......... .......... 83% 9.02M 3s
 48500K .......... .......... .......... .......... .......... 83% 5.94M 3s
 48550K .......... .......... .......... .......... .......... 83% 8.90M 3s
 48600K .......... .......... .......... .......... .......... 83% 6.18M 3s
 48650K .......... .......... .......... .......... .......... 83% 6.05M 3s
 48700K .......... .......... .......... .......... .......... 83% 9.01M 3s
 48750K .......... .......... .......... .......... .......... 83% 6.23M 3s
 48800K .......... .......... .......... .......... .......... 83% 5.79M 3s
 48850K .......... .......... .......... .......... .......... 83% 6.10M 3s
 48900K .......... .......... .......... .......... .......... 83% 8.73M 3s
 48950K .......... .......... .......... .......... .......... 83% 6.18M 3s
 49000K .......... .......... .......... .......... .......... 84% 8.64M 3s
 49050K .......... .......... .......... .......... .......... 84% 9.15M 3s
 49100K .......... .......... .......... .......... .......... 84% 5.99M 3s
 49150K .......... .......... .......... .......... .......... 84% 2.71M 3s
 49200K .......... .......... .......... .......... .......... 84%  223K 3s
 49250K .......... .......... .......... .......... .......... 84%  421K 3s
 49300K .......... .......... .......... .......... .......... 84%  746K 3s
 49350K .......... .......... .......... .......... .......... 84% 1.06M 3s
 49400K .......... .......... .......... .......... .......... 84% 1.13M 3s
 49450K .......... .......... .......... .......... .......... 84% 1.26M 3s
 49500K .......... .......... .......... .......... .......... 84% 1.34M 3s
 49550K .......... .......... .......... .......... .......... 84% 1.72M 3s
 49600K .......... .......... .......... .......... .......... 85% 1.58M 3s
 49650K .......... .......... .......... .......... .......... 85% 2.42M 3s
 49700K .......... .......... .......... .......... .......... 85% 2.51M 3s
 49750K .......... .......... .......... .......... .......... 85% 2.82M 3s
 49800K .......... .......... .......... .......... .......... 85% 2.85M 3s
 49850K .......... .......... .......... .......... .......... 85% 2.72M 3s
 49900K .......... .......... .......... .......... .......... 85% 2.70M 3s
 49950K .......... .......... .......... .......... .......... 85% 3.50M 3s
 50000K .......... .......... .......... .......... .......... 85% 2.55M 3s
 50050K .......... .......... .......... .......... .......... 85% 4.15M 3s
 50100K .......... .......... .......... .......... .......... 85% 4.22M 3s
 50150K .......... .......... .......... .......... .......... 86% 4.47M 3s
 50200K .......... .......... .......... .......... .......... 86% 4.32M 3s
 50250K .......... .......... .......... .......... .......... 86% 3.99M 3s
 50300K .......... .......... .......... .......... .......... 86% 6.41M 3s
 50350K .......... .......... .......... .......... .......... 86% 5.11M 3s
 50400K .......... .......... .......... .......... .......... 86% 4.18M 2s
 50450K .......... .......... .......... .......... .......... 86% 6.11M 2s
 50500K .......... .......... .......... .......... .......... 86% 5.87M 2s
 50550K .......... .......... .......... .......... .......... 86% 5.82M 2s
 50600K .......... .......... .......... .......... .......... 86% 6.93M 2s
 50650K .......... .......... .......... .......... .......... 86% 5.97M 2s
 50700K .......... .......... .......... .......... .......... 86% 7.23M 2s
 50750K .......... .......... .......... .......... .......... 87% 6.88M 2s
 50800K .......... .......... .......... .......... .......... 87% 5.41M 2s
 50850K .......... .......... .......... .......... .......... 87% 6.58M 2s
 50900K .......... .......... .......... .......... .......... 87% 7.38M 2s
 50950K .......... .......... .......... .......... .......... 87% 6.61M 2s
 51000K .......... .......... .......... .......... .......... 87% 7.71M 2s
 51050K .......... .......... .......... .......... .......... 87% 6.57M 2s
 51100K .......... .......... .......... .......... .......... 87% 7.09M 2s
 51150K .......... .......... .......... .......... .......... 87% 5.72M 2s
 51200K .......... .......... .......... .......... .......... 87% 7.10M 2s
 51250K .......... .......... .......... .......... .......... 87% 7.15M 2s
 51300K .......... .......... .......... .......... .......... 87% 7.33M 2s
 51350K .......... .......... .......... .......... .......... 88% 7.08M 2s
 51400K .......... .......... .......... .......... .......... 88% 7.22M 2s
 51450K .......... .......... .......... .......... .......... 88% 7.05M 2s
 51500K .......... .......... .......... .......... .......... 88% 7.38M 2s
 51550K .......... .......... .......... .......... .......... 88% 5.48M 2s
 51600K .......... .......... .......... .......... .......... 88% 6.07M 2s
 51650K .......... .......... .......... .......... .......... 88% 7.63M 2s
 51700K .......... .......... .......... .......... .......... 88% 6.60M 2s
 51750K .......... .......... .......... .......... .......... 88% 7.48M 2s
 51800K .......... .......... .......... .......... .......... 88% 7.40M 2s
 51850K .......... .......... .......... .......... .......... 88% 7.08M 2s
 51900K .......... .......... .......... .......... .......... 89% 7.49M 2s
 51950K .......... .......... .......... .......... .......... 89% 5.59M 2s
 52000K .......... .......... .......... .......... .......... 89% 7.25M 2s
 52050K .......... .......... .......... .......... .......... 89% 7.14M 2s
 52100K .......... .......... .......... .......... .......... 89% 7.09M 2s
 52150K .......... .......... .......... .......... .......... 89% 7.24M 2s
 52200K .......... .......... .......... .......... .......... 89% 7.19M 2s
 52250K .......... .......... .......... .......... .......... 89% 7.07M 2s
 52300K .......... .......... .......... .......... .......... 89% 7.20M 2s
 52350K .......... .......... .......... .......... .......... 89% 4.91M 2s
 52400K .......... .......... .......... .......... .......... 89% 7.47M 2s
 52450K .......... .......... .......... .......... .......... 89% 7.21M 2s
 52500K .......... .......... .......... .......... .......... 90% 7.18M 2s
 52550K .......... .......... .......... .......... .......... 90% 6.90M 2s
 52600K .......... .......... .......... .......... .......... 90% 7.56M 2s
 52650K .......... .......... .......... .......... .......... 90% 7.09M 2s
 52700K .......... .......... .......... .......... .......... 90% 7.04M 2s
 52750K .......... .......... .......... .......... .......... 90% 5.69M 2s
 52800K .......... .......... .......... .......... .......... 90% 7.22M 2s
 52850K .......... .......... .......... .......... .......... 90% 7.11M 2s
 52900K .......... .......... .......... .......... .......... 90% 7.32M 2s
 52950K .......... .......... .......... .......... .......... 90% 7.12M 2s
 53000K .......... .......... .......... .......... .......... 90% 7.23M 2s
 53050K .......... .......... .......... .......... .......... 90% 6.92M 2s
 53100K .......... .......... .......... .......... .......... 91% 7.42M 2s
 53150K .......... .......... .......... .......... .......... 91% 4.95M 2s
 53200K .......... .......... .......... .......... .......... 91% 7.38M 2s
 53250K .......... .......... .......... .......... .......... 91% 6.87M 2s
 53300K .......... .......... .......... .......... .......... 91% 7.49M 2s
 53350K .......... .......... .......... .......... .......... 91% 7.24M 2s
 53400K .......... .......... .......... .......... .......... 91% 7.13M 1s
 53450K .......... .......... .......... .......... .......... 91% 7.20M 1s
 53500K .......... .......... .......... .......... .......... 91% 7.21M 1s
 53550K .......... .......... .......... .......... .......... 91% 5.56M 1s
 53600K .......... .......... .......... .......... .......... 91% 7.33M 1s
 53650K .......... .......... .......... .......... .......... 92% 7.17M 1s
 53700K .......... .......... .......... .......... .......... 92% 6.13M 1s
 53750K .......... .......... .......... .......... .......... 92% 7.12M 1s
 53800K .......... .......... .......... .......... .......... 92% 7.32M 1s
 53850K .......... .......... .......... .......... .......... 92% 7.11M 1s
 53900K .......... .......... .......... .......... .......... 92% 7.19M 1s
 53950K .......... .......... .......... .......... .......... 92% 5.53M 1s
 54000K .......... .......... .......... .......... .......... 92% 7.50M 1s
 54050K .......... .......... .......... .......... .......... 92% 7.11M 1s
 54100K .......... .......... .......... .......... .......... 92% 7.14M 1s
 54150K .......... .......... .......... .......... .......... 92% 7.08M 1s
 54200K .......... .......... .......... .......... .......... 92% 7.45M 1s
 54250K .......... .......... .......... .......... .......... 93% 7.12M 1s
 54300K .......... .......... .......... .......... .......... 93% 7.18M 1s
 54350K .......... .......... .......... .......... .......... 93% 6.95M 1s
 54400K .......... .......... .......... .......... .......... 93% 5.16M 1s
 54450K .......... .......... .......... .......... .......... 93% 7.33M 1s
 54500K .......... .......... .......... .......... .......... 93% 7.11M 1s
 54550K .......... .......... .......... .......... .......... 93% 6.97M 1s
 54600K .......... .......... .......... .......... .......... 93% 7.40M 1s
 54650K .......... .......... .......... .......... .......... 93% 7.31M 1s
 54700K .......... .......... .......... .......... .......... 93% 6.95M 1s
 54750K .......... .......... .......... .......... .......... 93% 7.23M 1s
 54800K .......... .......... .......... .......... .......... 93% 5.57M 1s
 54850K .......... .......... .......... .......... .......... 94% 7.31M 1s
 54900K .......... .......... .......... .......... .......... 94% 7.18M 1s
 54950K .......... .......... .......... .......... .......... 94% 6.86M 1s
 55000K .......... .......... .......... .......... .......... 94% 7.51M 1s
 55050K .......... .......... .......... .......... .......... 94% 6.94M 1s
 55100K .......... .......... .......... .......... .......... 94% 7.55M 1s
 55150K .......... .......... .......... .......... .......... 94% 6.22M 1s
 55200K .......... .......... .......... .......... .......... 94% 5.57M 1s
 55250K .......... .......... .......... .......... .......... 94% 7.19M 1s
 55300K .......... .......... .......... .......... .......... 94% 7.12M 1s
 55350K .......... .......... .......... .......... .......... 94%  643K 1s
 55400K .......... .......... .......... .......... .......... 95%  567K 1s
 55450K .......... .......... .......... .......... .......... 95%  806K 1s
 55500K .......... .......... .......... .......... .......... 95% 1023K 1s
 55550K .......... .......... .......... .......... .......... 95% 1.19M 1s
 55600K .......... .......... .......... .......... .......... 95%  973K 1s
 55650K .......... .......... .......... .......... .......... 95% 1.41M 1s
 55700K .......... .......... .......... .......... .......... 95% 1.78M 1s
 55750K .......... .......... .......... .......... .......... 95% 2.28M 1s
 55800K .......... .......... .......... .......... .......... 95% 2.22M 1s
 55850K .......... .......... .......... .......... .......... 95% 2.62M 1s
 55900K .......... .......... .......... .......... .......... 95% 2.78M 1s
 55950K .......... .......... .......... .......... .......... 95% 2.93M 1s
 56000K .......... .......... .......... .......... .......... 96% 2.17M 1s
 56050K .......... .......... .......... .......... .......... 96% 3.28M 1s
 56100K .......... .......... .......... .......... .......... 96% 3.25M 1s
 56150K .......... .......... .......... .......... .......... 96% 3.77M 1s
 56200K .......... .......... .......... .......... .......... 96% 3.69M 1s
 56250K .......... .......... .......... .......... .......... 96% 4.12M 1s
 56300K .......... .......... .......... .......... .......... 96% 4.20M 1s
 56350K .......... .......... .......... .......... .......... 96% 4.47M 1s
 56400K .......... .......... .......... .......... .......... 96% 3.59M 1s
 56450K .......... .......... .......... .......... .......... 96% 4.76M 1s
 56500K .......... .......... .......... .......... .......... 96% 5.41M 1s
 56550K .......... .......... .......... .......... .......... 96% 5.81M 1s
 56600K .......... .......... .......... .......... .......... 97% 5.53M 1s
 56650K .......... .......... .......... .......... .......... 97% 6.61M 1s
 56700K .......... .......... .......... .......... .......... 97% 5.55M 0s
 56750K .......... .......... .......... .......... .......... 97% 6.70M 0s
 56800K .......... .......... .......... .......... .......... 97% 4.97M 0s
 56850K .......... .......... .......... .......... .......... 97% 6.82M 0s
 56900K .......... .......... .......... .......... .......... 97% 6.92M 0s
 56950K .......... .......... .......... .......... .......... 97% 7.79M 0s
 57000K .......... .......... .......... .......... .......... 97% 7.02M 0s
 57050K .......... .......... .......... .......... .......... 97% 8.17M 0s
 57100K .......... .......... .......... .......... .......... 97% 7.72M 0s
 57150K .......... .......... .......... .......... .......... 98% 7.55M 0s
 57200K .......... .......... .......... .......... .......... 98% 5.50M 0s
 57250K .......... .......... .......... .......... .......... 98% 7.19M 0s
 57300K .......... .......... .......... .......... .......... 98% 6.96M 0s
 57350K .......... .......... .......... .......... .......... 98% 7.51M 0s
 57400K .......... .......... .......... .......... .......... 98% 7.78M 0s
 57450K .......... .......... .......... .......... .......... 98% 7.66M 0s
 57500K .......... .......... .......... .......... .......... 98% 7.55M 0s
 57550K .......... .......... .......... .......... .......... 98% 6.35M 0s
 57600K .......... .......... .......... .......... .......... 98% 7.49M 0s
 57650K .......... .......... .......... .......... .......... 98% 7.60M 0s
 57700K .......... .......... .......... .......... .......... 98% 6.95M 0s
 57750K .......... .......... .......... .......... .......... 99% 7.25M 0s
 57800K .......... .......... .......... .......... .......... 99% 9.85M 0s
 57850K .......... .......... .......... .......... .......... 99% 7.72M 0s
 57900K .......... .......... .......... .......... .......... 99% 7.58M 0s
 57950K .......... .......... .......... .......... .......... 99% 5.36M 0s
 58000K .......... .......... .......... .......... .......... 99% 7.65M 0s
 58050K .......... .......... .......... .......... .......... 99% 8.03M 0s
 58100K .......... .......... .......... .......... .......... 99% 7.39M 0s
 58150K .......... .......... .......... .......... .......... 99% 6.50M 0s
 58200K .......... .......... .......... .......... .......... 99% 9.01M 0s
 58250K .......... .......... .......... .......... .......... 99% 7.75M 0s
 58300K .......... .......... .......... .......... .......... 99% 8.91M 0s
 58350K .......... .....                                      100% 5.23M=17s

2026-10-08 06:43:53 (3.26 MB/s) - ‘/tmp/go1.25.4.linux-amd64.tar.gz’ saved [59766394/59766394]

Cloning into '/tmp/go-win7'...
Updating files:  88% (9713/10999)Updating files:  89% (9790/10999)Updating files:  90% (9900/10999)Updating files:  91% (10010/10999)Updating files:  92% (10120/10999)Updating files:  93% (10230/10999)Updating files:  94% (10340/10999)Updating files:  95% (10450/10999)Updating files:  96% (10560/10999)Updating files:  97% (10670/10999)Updating files:  98% (10780/10999)Updating files:  99% (10890/10999)Updating files: 100% (10999/10999)Updating files: 100% (10999/10999), done.
